exports[`test renders correctly 1`] = `
<div
  className="authContainer">
  <div
    className="authFormContainer">
    <h2>
      Welcome
    </h2>
    <h4>
      You must login or 
    </h4>
    <button
      className="toggleLogin"
      onClick={[Function]}>
      Register
    </button>
    <div
      className="loginContainer">
      <h3
        className="title">
        Login
      </h3>
      <form
        id="authForm"
        onSubmit={[Function]}>
        <input
          className="auth"
          id="email"
          placeholder="email"
          type="email" />
        <input
          className="auth"
          id="password"
          placeholder="password"
          type="password" />
        <button
          className="authButton"
          type="submit">
          Login
        </button>
      </form>
      <button
        className="authButton"
        onClick={[Function]}>
        Demo
      </button>
    </div>
  </div>
</div>
`;
