exports[`test renders correctly 1`] = `
<div>
  <h3>
    Select quiz
  </h3>
  <div
    className="quiz-list-container">
    <ul
      className="quiz-list">
      <li>
        No quizzes listed 
        <br />
         Have you selected a course?
      </li>
    </ul>
    <ul
      className="passed" />
  </div>
</div>
`;
