exports[`test renders correctly 1`] = `
<div>
  <li
    className="none"
    id="0001"
    onClick={[Function]}>
    no current answer
  </li>
  <li
    className="none"
    id="0002"
    onClick={[Function]}>
    no current answer true
  </li>
</div>
`;
