exports[`test renders correctly 1`] = `
<div
  className="editQuizTitle">
  <h3>
    Title
  </h3>
  <input
    className="edit-quiz-item"
    id="0 title"
    name="title"
    onChange={[Function]}
    type="text"
    value="Sample Quiz Title" />
  <section>
    <div
      className="delete">
      <button
        className="deleteQuiz"
        id="deleteQuiz"
        onClick={[Function]}>
        Delete
      </button>
    </div>
    <div>
      <div
        className="passing-score">
        <h3>
          Passing Score
        </h3>
        <input
          className="edit-minimumScore"
          id="0 minimumScore"
          name="minimumScore"
          onChange={[Function]}
          type="number"
          value={1} />
      </div>
    </div>
    <div
      className="save">
      <button
        className="updateQuiz"
        id="updateQuiz"
        onClick={[Function]}>
        Save
      </button>
    </div>
  </section>
</div>
`;
